=~=~=~=~=~=~=~=~=~=~=~= PuTTY log 2017.11.14 12:21:19 =~=~=~=~=~=~=~=~=~=~=~=
terminal length 0
SW_NGAMWONGWAN#show interface status

Port      Name               Status       Vlan       Duplex  Speed Type
Fa0/1                        notconnect   2            auto   auto 10/100BaseTX
Fa0/2                        connected    7          a-full   a-10 10/100BaseTX
Fa0/3                        connected    7          a-full  a-100 10/100BaseTX
Fa0/4                        notconnect   2            auto   auto 10/100BaseTX
Fa0/5                        connected    2          a-full  a-100 10/100BaseTX
Fa0/6                        notconnect   2            auto   auto 10/100BaseTX
Fa0/7                        notconnect   2            auto   auto 10/100BaseTX
Fa0/8                        connected    2          a-full  a-100 10/100BaseTX
Fa0/9                        connected    2          a-full  a-100 10/100BaseTX
Fa0/10                       connected    2          a-full  a-100 10/100BaseTX
Fa0/11                       connected    2          a-full  a-100 10/100BaseTX
Fa0/12    +++ ATA1 +++       connected    10         a-full  a-100 10/100BaseTX
Fa0/13                       disabled     2            auto   auto 10/100BaseTX
Fa0/14    +++ ATA2 +++       connected    10         a-full  a-100 10/100BaseTX
Fa0/15    # ATA #            notconnect   10           auto   auto 10/100BaseTX
Fa0/16    # ATA #            connected    10         a-half   a-10 10/100BaseTX
Fa0/17    ++ New ATM ++      connected    5          a-full  a-100 10/100BaseTX
Fa0/18    ++ New ATM ++      connected    5          a-full  a-100 10/100BaseTX
Fa0/19    +++ RICOH +++      connected    10         a-full  a-100 10/100BaseTX
Fa0/20                       disabled     10           auto   auto 10/100BaseTX
Fa0/21    +++ SECOM +++      notconnect   2            auto   auto 10/100BaseTX
Fa0/22    +++ Server +++     connected    2          a-full  a-100 10/100BaseTX
Fa0/23    +++ Connect to Rou notconnect   1            auto   auto 10/100BaseTX
Fa0/24    +++ Connect to Rou notconnect   1            auto   auto 10/100BaseTX
Gi0/1     +++ Connect to Rou connected    trunk      a-full a-1000 10/100/1000BaseTX
Gi0/2     +++ Connect to Rou notconnect   1            auto   auto 10/100/1000BaseTX
SW_NGAMWONGWAN#show interface description
Interface                      Status         Protocol Description
Vl1                            admin down     down     
Vl2                            up             up       
Fa0/1                          down           down     
Fa0/2                          up             up       
Fa0/3                          up             up       
Fa0/4                          down           down     
Fa0/5                          up             up       
Fa0/6                          down           down     
Fa0/7                          down           down     
Fa0/8                          up             up       
Fa0/9                          up             up       
Fa0/10                         up             up       
Fa0/11                         up             up       
Fa0/12                         up             up       +++ ATA1 +++
Fa0/13                         admin down     down     
Fa0/14                         up             up       +++ ATA2 +++
Fa0/15                         down           down     # ATA #
Fa0/16                         up             up       # ATA #
Fa0/17                         up             up       ++ New ATM ++
Fa0/18                         up             up       ++ New ATM ++
Fa0/19                         up             up       +++ RICOH +++
Fa0/20                         admin down     down     
Fa0/21                         down           down     +++ SECOM +++
Fa0/22                         up             up       +++ Server +++
Fa0/23                         down           down     +++ Connect to Router +++
Fa0/24                         down           down     +++ Connect to Router +++
Gi0/1                          up             up       +++ Connect to Router +++
Gi0/2                          down           down     +++ Connect to Router +++
SW_NGAMWONGWAN#show inventory
NAME: "1", DESCR: "WS-C2960-24TT-L"
PID: WS-C2960-24TT-L   , VID: V10, SN: FCQ1611X3G7


SW_NGAMWONGWAN#show version
Cisco IOS Software, C2960 Software (C2960-LANBASEK9-M), Version 12.2(50)SE5, RELEASE SOFTWARE (fc1)
Technical Support: http://www.cisco.com/techsupport
Copyright (c) 1986-2010 by Cisco Systems, Inc.
Compiled Tue 28-Sep-10 13:44 by prod_rel_team
Image text-base: 0x00003000, data-base: 0x01400000

ROM: Bootstrap program is C2960 boot loader
BOOTLDR: C2960 Boot Loader (C2960-HBOOT-M) Version 12.2(44)SE5, RELEASE SOFTWARE (fc1)

SW_NGAMWONGWAN uptime is 1 week, 3 days, 8 hours, 53 minutes
System returned to ROM by power-on
System restarted at 03:27:36 BKK Sat Nov 4 2017
System image file is "flash:c2960-lanbasek9-mz.122-50.SE5/c2960-lanbasek9-mz.122-50.SE5.bin"


This product contains cryptographic features and is subject to United
States and local country laws governing import, export, transfer and
use. Delivery of Cisco cryptographic products does not imply
third-party authority to import, export, distribute or use encryption.
Importers, exporters, distributors and users are responsible for
compliance with U.S. and local country laws. By using this product you
agree to comply with applicable laws and regulations. If you are unable
to comply with U.S. and local laws, return this product immediately.

A summary of U.S. laws governing Cisco cryptographic products may be found at:
http://www.cisco.com/wwl/export/crypto/tool/stqrg.html

If you require further assistance please contact us by sending email to
export@cisco.com.

cisco WS-C2960-24TT-L (PowerPC405) processor (revision P0) with 65536K bytes of memory.
Processor board ID FCQ1611X3G7
Last reset from power-on
2 Virtual Ethernet interfaces
24 FastEthernet interfaces
2 Gigabit Ethernet interfaces
The password-recovery mechanism is enabled.

64K bytes of flash-simulated non-volatile configuration memory.
Base ethernet MAC Address       : 5C:50:15:07:E3:80
Motherboard assembly number     : 73-11473-11
Power supply part number        : 341-0097-03
Motherboard serial number       : FCQ1611043S
Power supply serial number      : DCA160287C8
Model revision number           : P0
Motherboard revision number     : A0
Model number                    : WS-C2960-24TT-L
System serial number            : FCQ1611X3G7
Top Assembly Part Number        : 800-29859-06
Top Assembly Revision Number    : C0
Version ID                      : V10
CLEI Code Number                : COMCX00ARB
Hardware Board Revision Number  : 0x01


Switch Ports Model              SW Version            SW Image                 
------ ----- -----              ----------            ----------               
*    1 26    WS-C2960-24TT-L    12.2(50)SE5           C2960-LANBASEK9-M        


Configuration register is 0xF

SW_NGAMWONGWAN#show running-config
Building configuration...

Current configuration : 7077 bytes
!
! Last configuration change at 12:21:03 BKK Tue Nov 14 2017 by chalermkwan
! NVRAM config last updated at 12:21:05 BKK Tue Nov 14 2017 by chalermkwan
!
version 12.2
no service pad
service timestamps debug datetime localtime
service timestamps log datetime localtime
service password-encryption
!
hostname SW_NGAMWONGWAN
!
boot-start-marker
boot-end-marker
!
enable secret 5 $1$66av$jeIIVuVRiRJBzVfnb.gJM/
!
username networx privilege 15 secret 5 $1$Qic1$1JFzfgSgKgZV/6iKZW9eW.
aaa new-model
!
!
aaa authentication login ESB group tacacs+ local
!
!
!
aaa session-id common
clock timezone BKK 7
system mtu routing 1500
vtp mode transparent
ip subnet-zero
!
!
!
!
crypto pki trustpoint TP-self-signed-352838528
 enrollment selfsigned
 subject-name cn=IOS-Self-Signed-Certificate-352838528
 revocation-check none
 rsakeypair TP-self-signed-352838528
!
!
crypto pki certificate chain TP-self-signed-352838528
 certificate self-signed 01
  30820245 308201AE A0030201 02020101 300D0609 2A864886 F70D0101 04050030 
  30312E30 2C060355 04031325 494F532D 53656C66 2D536967 6E65642D 43657274 
  69666963 6174652D 33353238 33383532 38301E17 0D393330 33303130 30303035 
  375A170D 32303031 30313030 30303030 5A303031 2E302C06 03550403 1325494F 
  532D5365 6C662D53 69676E65 642D4365 72746966 69636174 652D3335 32383338 
  35323830 819F300D 06092A86 4886F70D 01010105 0003818D 00308189 02818100 
  AC42F999 BAC4ABDE F56D010E A39919D9 D71F628D B4CCB12D CE7631E0 EA94A7E2 
  D0E07BE4 82E5DF94 00DE433D D2FCAD59 DB6075E8 592F6EEA F39C19F9 F43A2D0E 
  DED55B33 BDE560AE 57555066 8A3D9320 D4AAEFED 5DECF5BE 5AEEC6CB 5273AFB1 
  D3114196 40572C15 2AACA797 7CFE59EE D8348DCE 16187623 2684E7F5 9DA85355 
  02030100 01A36F30 6D300F06 03551D13 0101FF04 05300301 01FF301A 0603551D 
  11041330 11820F53 575F4E47 414D574F 4E475741 4E2E301F 0603551D 23041830 
  168014CF 433A7415 012FE7AC 4CC9B657 6A3CC3B3 B3AE2A30 1D060355 1D0E0416 
  0414CF43 3A741501 2FE7AC4C C9B6576A 3CC3B3B3 AE2A300D 06092A86 4886F70D 
  01010405 00038181 00A5FCA4 EF0CE515 4D061773 D9636C0B 87F8AAE7 311B9C96 
  E3467498 10DAEE39 B8BD15D1 ABA19886 C5DFC18D 5ACA9BA9 EBBD5B43 A467E578 
  DA0BB35C 57D266C1 C08D5041 98FE3E49 2ACD7BD1 3301E431 3223F3BA 141CE5BC 
  6785BE98 06036E04 99F609B2 298CACEB 0422DFA5 B97F5E49 48CEE2EA 222B75C7 
  C5C0E420 F4B789D2 73
  quit
!
!
!
!
!
spanning-tree mode pvst
no spanning-tree optimize bpdu transmission
spanning-tree extend system-id
!
vlan internal allocation policy ascending
!
vlan 2,5,7,10 
!
!
!
interface FastEthernet0/1
 switchport access vlan 2
 switchport voice vlan 10
 spanning-tree portfast
!
interface FastEthernet0/2
 switchport access vlan 7
 switchport voice vlan 10
 spanning-tree portfast
!
interface FastEthernet0/3
 switchport access vlan 7
 switchport voice vlan 10
 spanning-tree portfast
!
interface FastEthernet0/4
 switchport access vlan 2
 switchport voice vlan 10
 spanning-tree portfast
!
interface FastEthernet0/5
 switchport access vlan 2
 switchport voice vlan 10
 spanning-tree portfast
!
interface FastEthernet0/6
 switchport access vlan 2
 switchport voice vlan 10
 spanning-tree portfast
!
interface FastEthernet0/7
 switchport access vlan 2
 switchport voice vlan 10
 spanning-tree portfast
!
interface FastEthernet0/8
 switchport access vlan 2
 switchport voice vlan 10
 spanning-tree portfast
!
interface FastEthernet0/9
 switchport access vlan 2
 switchport voice vlan 10
 spanning-tree portfast
!
interface FastEthernet0/10
 switchport access vlan 2
 switchport voice vlan 10
 spanning-tree portfast
!
interface FastEthernet0/11
 switchport access vlan 2
 switchport voice vlan 10
 spanning-tree portfast
!
interface FastEthernet0/12
 description +++ ATA1 +++
 switchport access vlan 10
 switchport voice vlan 10
 spanning-tree portfast
!
interface FastEthernet0/13
 switchport access vlan 2
 switchport voice vlan 10
 shutdown
 spanning-tree portfast
!
interface FastEthernet0/14
 description +++ ATA2 +++
 switchport access vlan 10
 switchport voice vlan 10
 spanning-tree portfast
!
interface FastEthernet0/15
 description # ATA #
 switchport access vlan 10
 switchport voice vlan 10
 spanning-tree portfast
!
interface FastEthernet0/16
 description # ATA #
 switchport access vlan 10
 switchport voice vlan 10
 spanning-tree portfast
!
interface FastEthernet0/17
 description ++ New ATM ++
 switchport access vlan 5
 spanning-tree portfast
!
interface FastEthernet0/18
 description ++ New ATM ++
 switchport access vlan 5
 spanning-tree portfast
!
interface FastEthernet0/19
 description +++ RICOH +++
 switchport access vlan 10
 spanning-tree portfast
!
interface FastEthernet0/20
 switchport access vlan 10
 shutdown
 spanning-tree portfast
!
interface FastEthernet0/21
 description +++ SECOM +++
 switchport access vlan 2
 spanning-tree portfast
!
interface FastEthernet0/22
 description +++ Server +++
 switchport access vlan 2
 spanning-tree portfast
!
interface FastEthernet0/23
 description +++ Connect to Router +++
 switchport mode trunk
!
interface FastEthernet0/24
 description +++ Connect to Router +++
 switchport mode trunk
!
interface GigabitEthernet0/1
 description +++ Connect to Router +++
 switchport mode trunk
!
interface GigabitEthernet0/2
 description +++ Connect to Router +++
 switchport mode trunk
!
interface Vlan1
 no ip address
 no ip route-cache
 shutdown
!
interface Vlan2
 ip address 10.176.26.125 255.255.255.0
 no ip route-cache
!
ip default-gateway 10.176.26.126
no ip http server
ip http secure-server
access-list 61 permit 192.168.12.210
snmp-server view NO_BAD_SNMP iso included
snmp-server view NO_BAD_SNMP internet included
snmp-server view NO_BAD_SNMP snmpUsmMIB excluded
snmp-server view NO_BAD_SNMP snmpVacmMIB excluded
snmp-server view NO_BAD_SNMP snmpCommunityMIB excluded
snmp-server view NO_BAD_SNMP transmission.94 excluded
snmp-server view NO_BAD_SNMP mib-2.34.9 excluded
snmp-server view NO_BAD_SNMP ciscoMgmt.35 excluded
snmp-server view NO_BAD_SNMP ciscoMgmt.95 excluded
snmp-server view NO_BAD_SNMP ciscoMgmt.130 excluded
snmp-server view NO_BAD_SNMP ciscoMgmt.219 excluded
snmp-server view NO_BAD_SNMP ciscoMgmt.252 excluded
snmp-server view NO_BAD_SNMP ciscoMgmt.254 excluded
snmp-server view NO_BAD_SNMP ciscoExperiment.997 excluded
snmp-server community c1$C0sw1234 view NO_BAD_SNMP RO
tacacs-server host 192.168.2.13 key 7 0205551F28561C361D1C5A4D
tacacs-server directed-request
!
control-plane
!
banner login ^CCC
#######################################################################
#                                                                     #
#        E A S Y B U Y                 Maintained by : TRUE MNS       #
#        =============              Telephone No. : 0-2900-9191 # 3   #
#         SW_NGAMWONGWAN               Only authorized access user.   #
#                                                                     #
#######################################################################
^C
!
line con 0
line vty 0 4
 login authentication ESB
 transport input ssh
line vty 5 15
 transport input ssh
!
ntp clock-period 36029250
ntp server 192.168.3.247
end

SW_NGAMWONGWAN#exir t    wr
Building configuration...
[OK]
SW_NGAMWONGWAN#exit
